// Jest Snapshot v1, https://goo.gl/fbAQLP

exports[`TagCloud renders correctly 1`] = `
<div
  className="tagcloud"
>
  tagcloud
</div>
`;
